format:
  01/01/1990 00:00:00 -> 1990-01-01T00:00:00Z
  12/31/2011 23:59:59 -> 2011-12-31T23:59:59Z

