max:
                                [1] -> 1
                    [5, 1, 2, 3, 4] -> 5
                    ["a", "b", "c"] -> "c"
                        ["20", "3"] -> "3"
                        ["3", "20"] -> "3"
                            [20, 3] -> 20
                            [3, 20] -> 20

max of empty array is undefined:
                                 [] -> undefined
                             [null] -> undefined
                        [undefined] -> undefined
                              [NaN] -> undefined
                         [NaN, NaN] -> undefined

max ignores null, undefined, and NaN:
               [NaN, 1, 2, 3, 4, 5] -> 5
               [1, 2, 3, 4, 5, NaN] -> 5
   [10, null, 3, undefined, 5, NaN] -> 10

max compares heterogenous types as numbers:
                          [20, "3"] -> 20
                          ["20", 3] -> "20"
                          [3, "20"] -> "20"
                          ["3", 20] -> 20

max applies accessor function:
  [1, 2, 3, 4, 5], [2, 4, 6, 8, 10] -> 2
                    [1, 2, 3, 4, 5] -> 4

