constructor:
  #666600
  #666600
  #666600
  {"r":102,"g":102,"b":0}

parse rgb:
  #666600
  #666600
  #666600
  {"r":102,"g":102,"b":0}

parse hsl:
  #666600
  #666600
  {"r":102,"g":102,"b":0}

parse names:
  #f0f8ff
  #ffe4b5
  #ffff00

convert to hsl:
  hsl(60,100%,20%)
  hsl(60,100%,20%)
  hsl(60,100%,20%)
  {"h":60,"s":1,"l":0.2}

brighter:
  #919100
  #919100
  #797900
  #d0d000
  {"r":145,"g":145,"b":0}

darker:
  #474700
  #474700
  #555500
  #313100
  {"r":71,"g":71,"b":0}

