parse:
  1990-01-01T00:00:00Z -> Mon Jan  1 00:00:00 1990
  2011-12-31T23:59:59Z -> Sat Dec 31 23:59:59 2011

