constructor:
  hsl(60,100%,20%)
  hsl(60.4,99.4%,20.4%)
  hsl(60.6,99.6%,21.6%)
  {"h":60,"s":1,"l":0.2}

parse rgb:
  hsl(60,100%,20%)
  hsl(60,100%,20%)
  hsl(60,100%,20%)
  {"h":60,"s":1,"l":0.2}

parse hsl:
  hsl(60,100%,20%)
  hsl(60,100%,20%)
  {"h":60,"s":1,"l":0.2}

parse names:
  hsl(0,100%,50%)
  hsl(60,100%,50%)
  hsl(240,100%,50%)

convert to rgb:
  #666600
  #666600
  #666600
  {"r":102,"g":102,"b":0}

brighter:
  hsl(60,100%,28.571428571428577%)
  hsl(60,100%,28.571428571428577%)
  hsl(60,100%,23.904572186687872%)
  hsl(60,100%,40.81632653061225%)
  {"h":60,"s":1,"l":0.28571428571428575}

darker:
  hsl(60,100%,13.999999999999998%)
  hsl(60,100%,13.999999999999998%)
  hsl(60,100%,16.733200530681515%)
  hsl(60,100%,9.799999999999999%)
  {"h":60,"s":1,"l":0.13999999999999999}

