zip [1, 2] [3, 4]:
  [[1,3],[2,4]]

zip [1, 2] [3, 4] [5, 6, 7]:
  [[1,3,5],[2,4,6]]

zip [1, 2, 3, 4, 5] [2, 4, 6, 8, 10]:
  [[1,2],[2,4],[3,6],[4,8],[5,10]]

zip [1, 2, 3, 4, 5]:
  [[1],[2],[3],[4],[5]]

zip (no arguments):
  []

